Executing action: all (aliases: build)
Running ninja in directory C:\Users\Elik\Documents\Arduino\JC4880P443C_I_W_Remote\build
Executing "ninja all"...
[0/2] Re-checking globbed directories...
[1/6] C:\WINDOWS\system32\cmd.exe /C "cd /D C:\Users\Elik\Documents\Arduino\JC4880P443C_I_W_Remote\build\esp-idf\esptool_py && C:\Users\Elik\.espressif\python_env\idf5.5_py3.12_env\Scripts\python.exe C:/Espressif/frameworks/esp-idf-v5.5.4/components/partition_table/check_sizes.py --offset 0x8000 partition --type app C:/Users/Elik/Documents/Arduino/JC4880P443C_I_W_Remote/build/partition_table/partition-table.bin C:/Users/Elik/Documents/Arduino/JC4880P443C_I_W_Remote/build/ESP32P4_Remote.bin"
ESP32P4_Remote.bin binary size 0x773d90 bytes. Smallest app partition is 0x7c0000 bytes. 0x4c270 bytes (4%) free.
Warning: The smallest app partition is nearly full (4% free space left)!
[2/6] C:\WINDOWS\system32\cmd.exe /C "cd /D C:\Users\Elik\Documents\Arduino\JC4880P443C_I_W_Remote\build\esp-idf\main && C:\Users\Elik\.espressif\python_env\idf5.5_py3.12_env\Scripts\python.exe C:/Espressif/frameworks/esp-idf-v5.5.4/components/spiffs/spiffsgen.py 0x40000 C:/Users/Elik/Documents/Arduino/JC4880P443C_I_W_Remote/spiffs C:/Users/Elik/Documents/Arduino/JC4880P443C_I_W_Remote/build/storage.bin --page-size=256 --obj-name-len=32 --meta-len=4 --use-magic --use-magic-len"
[3/6] Performing build step for 'bootloader'
[1/1] C:\WINDOWS\system32\cmd.exe /C "cd /D C:\Users\Elik\Documents\Arduino\JC4880P443C_I_W_Remote\build\bootloader\esp-idf\esptool_py && C:\Users\Elik\.espressif\python_env\idf5.5_py3.12_env\Scripts\python.exe C:/Espressif/frameworks/esp-idf-v5.5.4/components/partition_table/check_sizes.py --offset 0x8000 bootloader 0x2000 C:/Users/Elik/Documents/Arduino/JC4880P443C_I_W_Remote/build/bootloader/bootloader.bin"
Bootloader binary size 0x5e10 bytes. 0x1f0 bytes (2%) free.
[4/6] No install step for 'bootloader'
[5/6] Completed 'bootloader'

Project build complete. To flash, run:
 idf.py flash
or
 idf.py -p PORT flash
or
 python -m esptool --chip esp32p4 -b 460800 --before default_reset --after hard_reset write_flash --flash_mode dio --flash_size 16MB --flash_freq 80m 0x2000 build\bootloader\bootloader.bin 0x8000 build\partition_table\partition-table.bin 0xf000 build\ota_data_initial.bin 0x20000 build\ESP32P4_Remote.bin 0xfc0000 build\storage.bin
or from the "C:\Users\Elik\Documents\Arduino\JC4880P443C_I_W_Remote\build" directory
 python -m esptool --chip esp32p4 -b 460800 --before default_reset --after hard_reset write_flash "@flash_args"
